// Jest Snapshot v1, https://goo.gl/fbAQLP

exports[`it matches the snapshot 1`] = `
{
  "$id": "https://example.com/schemas/product",
  "$schema": "http://json-schema.org/draft-07/schema#",
  "properties": {
    "category": {
      "enum": [
        "book",
        "electronics",
        "clothing",
      ],
      "type": "string",
    },
    "name": {
      "type": "string",
    },
    "price": {
      "minimum": 0,
      "type": "number",
    },
    "rating": {
      "maximum": 5,
      "minimum": 1,
      "type": "number",
    },
  },
  "required": [
    "name",
    "price",
    "category",
  ],
  "type": "object",
}
`;
