// Jest Snapshot v1, https://goo.gl/fbAQLP

exports[`it matches the snapshot 1`] = `
{
  "$schema": "http://json-schema.org/draft-07/schema#",
  "default": {
    "$schema": "http://json-schema.org/draft-07/schema#",
    "definitions": {
      "address": {
        "properties": {
          "city": {
            "type": "string",
          },
          "state": {
            "type": "string",
          },
          "street": {
            "type": "string",
          },
          "zip": {
            "type": "string",
          },
        },
        "required": [
          "street",
          "city",
          "state",
          "zip",
        ],
        "type": "object",
      },
    },
    "properties": {
      "user": {
        "properties": {
          "address": {
            "properties": {
              "city": {
                "type": "string",
              },
              "state": {
                "type": "string",
              },
              "street": {
                "type": "string",
              },
              "zip": {
                "type": "string",
              },
            },
            "required": [
              "street",
              "city",
              "state",
              "zip",
            ],
            "type": "object",
          },
          "name": {
            "type": "string",
          },
        },
        "required": [
          "name",
          "address",
        ],
        "type": "object",
      },
    },
    "type": "object",
  },
  "definitions": {
    "address": {
      "properties": {
        "city": {
          "type": "string",
        },
        "state": {
          "type": "string",
        },
        "street": {
          "type": "string",
        },
        "zip": {
          "type": "string",
        },
      },
      "required": [
        "street",
        "city",
        "state",
        "zip",
      ],
      "type": "object",
    },
  },
  "properties": {
    "user": {
      "properties": {
        "address": {
          "properties": {
            "city": {
              "type": "string",
            },
            "state": {
              "type": "string",
            },
            "street": {
              "type": "string",
            },
            "zip": {
              "type": "string",
            },
          },
          "required": [
            "street",
            "city",
            "state",
            "zip",
          ],
          "type": "object",
        },
        "name": {
          "type": "string",
        },
      },
      "required": [
        "name",
        "address",
      ],
      "type": "object",
    },
  },
  "type": "object",
}
`;
